
Running a transacted installation.

Beginning the Install phase of the installation.
See the contents of the log file for the C:\Program Files (x86)\Advanced Monitoring Agent\FileCacheServiceAgent\FileCacheServiceAgent.exe assembly's progress.
The file is located at C:\ProgramData\MspPlatform\SolarWinds.MSP.CacheService\log\SolarWinds.MSP.CacheService_install.log.
Installing assembly 'C:\Program Files (x86)\Advanced Monitoring Agent\FileCacheServiceAgent\FileCacheServiceAgent.exe'.
Affected parameters are:
   logtoconsole = 
   assemblypath = C:\Program Files (x86)\Advanced Monitoring Agent\FileCacheServiceAgent\FileCacheServiceAgent.exe
   logfile = C:\ProgramData\MspPlatform\SolarWinds.MSP.CacheService\log\SolarWinds.MSP.CacheService_install.log
Installing service SolarWinds.MSP.CacheService...
Service SolarWinds.MSP.CacheService has been successfully installed.
Creating EventLog source SolarWinds.MSP.CacheService in log Application...

The Install phase completed successfully, and the Commit phase is beginning.
See the contents of the log file for the C:\Program Files (x86)\Advanced Monitoring Agent\FileCacheServiceAgent\FileCacheServiceAgent.exe assembly's progress.
The file is located at C:\ProgramData\MspPlatform\SolarWinds.MSP.CacheService\log\SolarWinds.MSP.CacheService_install.log.
Committing assembly 'C:\Program Files (x86)\Advanced Monitoring Agent\FileCacheServiceAgent\FileCacheServiceAgent.exe'.
Affected parameters are:
   logtoconsole = 
   assemblypath = C:\Program Files (x86)\Advanced Monitoring Agent\FileCacheServiceAgent\FileCacheServiceAgent.exe
   logfile = C:\ProgramData\MspPlatform\SolarWinds.MSP.CacheService\log\SolarWinds.MSP.CacheService_install.log

The Commit phase completed successfully.

The transacted install has completed.

Running a transacted installation.

Beginning the Install phase of the installation.
See the contents of the log file for the C:\Program Files (x86)\Advanced Monitoring Agent\FileCacheServiceAgent\FileCacheServiceAgent.exe assembly's progress.
The file is located at C:\ProgramData\MspPlatform\SolarWinds.MSP.CacheService\log\SolarWinds.MSP.CacheService_install.log.
Installing assembly 'C:\Program Files (x86)\Advanced Monitoring Agent\FileCacheServiceAgent\FileCacheServiceAgent.exe'.
Affected parameters are:
   logtoconsole = 
   assemblypath = C:\Program Files (x86)\Advanced Monitoring Agent\FileCacheServiceAgent\FileCacheServiceAgent.exe
   logfile = C:\ProgramData\MspPlatform\SolarWinds.MSP.CacheService\log\SolarWinds.MSP.CacheService_install.log
Installing service SolarWinds.MSP.CacheService...
Service SolarWinds.MSP.CacheService has been successfully installed.
Creating EventLog source SolarWinds.MSP.CacheService in log Application...

The Install phase completed successfully, and the Commit phase is beginning.
See the contents of the log file for the C:\Program Files (x86)\Advanced Monitoring Agent\FileCacheServiceAgent\FileCacheServiceAgent.exe assembly's progress.
The file is located at C:\ProgramData\MspPlatform\SolarWinds.MSP.CacheService\log\SolarWinds.MSP.CacheService_install.log.
Committing assembly 'C:\Program Files (x86)\Advanced Monitoring Agent\FileCacheServiceAgent\FileCacheServiceAgent.exe'.
Affected parameters are:
   logtoconsole = 
   assemblypath = C:\Program Files (x86)\Advanced Monitoring Agent\FileCacheServiceAgent\FileCacheServiceAgent.exe
   logfile = C:\ProgramData\MspPlatform\SolarWinds.MSP.CacheService\log\SolarWinds.MSP.CacheService_install.log

The Commit phase completed successfully.

The transacted install has completed.

Running a transacted installation.

Beginning the Install phase of the installation.
See the contents of the log file for the C:\Program Files (x86)\Advanced Monitoring Agent\FileCacheServiceAgent\FileCacheServiceAgent.exe assembly's progress.
The file is located at C:\ProgramData\MspPlatform\SolarWinds.MSP.CacheService\log\SolarWinds.MSP.CacheService_install.log.
Installing assembly 'C:\Program Files (x86)\Advanced Monitoring Agent\FileCacheServiceAgent\FileCacheServiceAgent.exe'.
Affected parameters are:
   logtoconsole = 
   assemblypath = C:\Program Files (x86)\Advanced Monitoring Agent\FileCacheServiceAgent\FileCacheServiceAgent.exe
   logfile = C:\ProgramData\MspPlatform\SolarWinds.MSP.CacheService\log\SolarWinds.MSP.CacheService_install.log
Installing service SolarWinds.MSP.CacheService...
Service SolarWinds.MSP.CacheService has been successfully installed.
Creating EventLog source SolarWinds.MSP.CacheService in log Application...

The Install phase completed successfully, and the Commit phase is beginning.
See the contents of the log file for the C:\Program Files (x86)\Advanced Monitoring Agent\FileCacheServiceAgent\FileCacheServiceAgent.exe assembly's progress.
The file is located at C:\ProgramData\MspPlatform\SolarWinds.MSP.CacheService\log\SolarWinds.MSP.CacheService_install.log.
Committing assembly 'C:\Program Files (x86)\Advanced Monitoring Agent\FileCacheServiceAgent\FileCacheServiceAgent.exe'.
Affected parameters are:
   logtoconsole = 
   assemblypath = C:\Program Files (x86)\Advanced Monitoring Agent\FileCacheServiceAgent\FileCacheServiceAgent.exe
   logfile = C:\ProgramData\MspPlatform\SolarWinds.MSP.CacheService\log\SolarWinds.MSP.CacheService_install.log

The Commit phase completed successfully.

The transacted install has completed.
